sources/app/screens/scr_flappy_bird.cpp:85:13:void flappy_set_pillar_variant(int)	0	static
sources/app/screens/scr_flappy_bird.cpp:109:13:void flappy_apply_difficulty()	0	static
sources/app/screens/scr_flappy_bird.cpp:192:13:void flappy_load_settings()	8	static
sources/app/screens/scr_flappy_bird.cpp:286:6:void scr_flappy_bird_handle(ak_msg_t*)	8	static
sources/app/screens/scr_flappy_bird.cpp:373:1:cpp)	0	static
sources/app/screens/scr_flappy_bird.cpp:64:6:void flappy_bird_pilliar_below()	24	static
sources/app/screens/scr_flappy_bird.cpp:77:6:void flappy_bird_pilliar_top()	32	static
sources/app/screens/scr_flappy_bird.cpp:234:13:void view_scr_flappy_bird()	48	static
