sources/app/shell.cpp:144:7:char* str_parser_get_attr(uint8_t)	0	static
sources/app/shell.cpp:395:9:int32_t shell_stt(uint8_t*)	0	static
sources/app/shell.cpp:931:9:int32_t shell_psv(uint8_t*)	0	static
sources/app/shell.cpp:155:9:int32_t shell_reset(uint8_t*)	8	static
sources/app/shell.cpp:194:9:int32_t shell_help(uint8_t*)	16	static
sources/app/shell.cpp:161:9:int32_t shell_ver(uint8_t*)	40	static
sources/app/shell.cpp:208:9:int32_t shell_reboot(uint8_t*)	8	static
sources/app/shell.cpp:118:9:uint8_t str_parser(char*)	24	static
sources/app/shell.cpp:458:9:int32_t shell_flash(uint8_t*)	32	static
sources/app/shell.cpp:632:6:void shell_lcd_dump_framebuffer()	32	static
sources/app/shell.cpp:215:9:int32_t shell_fatal(uint8_t*)	128	static
sources/app/shell.cpp:405:9:int32_t shell_eps(uint8_t*)	24	static
sources/app/shell.cpp:699:9:int32_t shell_ram(uint8_t*)	24	static
sources/app/shell.cpp:848:9:int32_t shell_boot(uint8_t*)	104	static
sources/app/shell.cpp:914:9:int32_t shell_fwu(uint8_t*)	96	static
sources/app/shell.cpp:937:9:int32_t shell_buzzer(uint8_t*)	8	static
sources/app/shell.cpp:660:9:int32_t shell_dbg(uint8_t*)	8	static
sources/app/shell.cpp:984:9:int32_t shell_modbus(uint8_t*)	0	static
sources/app/shell.cpp:400:9:int32_t shell_epi(uint8_t*)	0	static
sources/app/shell.cpp:531:9:int32_t shell_lcd(uint8_t*)	8	static
